---
source: apollo-router/src/structured_errors.rs
expression: error.definition()
---
level: error
code: TEST_ERROR__NOT_FOUND
component: subgraph
detail: The requested resource could not be found but may be available in the future.
attributes:
  attr:
    type: string
    description: Some attribute
actions:
  - Do something
