---
source: apollo-router/src/configuration/metrics.rs
expression: "&metrics.metrics"
---
value.apollo.router.config.apq:
  - 0
  - {}
value.apollo.router.config.authentication.jwt:
  - 0
  - {}
value.apollo.router.config.authorization:
  - 0
  - {}
value.apollo.router.config.coprocessor:
  - 0
  - {}
value.apollo.router.config.defer:
  - 0
  - {}
value.apollo.router.config.entities:
  - 0
  - {}
value.apollo.router.config.limits:
  - 1
  - opt_http_max_request_bytes_: "true"
    opt_max_aliases_: "true"
    opt_max_depth_: "true"
    opt_max_height_: "true"
    opt_max_root_fields_: "true"
    opt_parse_max_recursion_: "true"
    opt_parse_max_tokens_: "true"
    opt_warn_only_: "true"
value.apollo.router.config.persisted_queries:
  - 0
  - {}
value.apollo.router.config.subscriptions:
  - 0
  - {}
value.apollo.router.config.telemetry:
  - 0
  - {}
value.apollo.router.config.traffic_shaping:
  - 0
  - {}

