---
source: apollo-router/src/plugins/authorization/scopes.rs
expression: doc
---
{
    "ping",
    "read:user",
    "read:username",
}
