---
source: apollo-router/src/plugins/authorization/scopes.rs
expression: doc
---
{
    "internal",
    "test",
}
