---
source: apollo-router/src/plugins/authorization/scopes.rs
expression: doc
---
query {
  topProducts {
    type
  }
  itf {
    id
    ...F
  }
}
fragment F on User {
  id2: id
  name
}

