---
source: apollo-router/src/plugins/authorization/authenticated.rs
expression: paths
---
[
    Path(
        [
            Key(
                "topProducts",
            ),
            Key(
                "reviews",
            ),
            Flatten,
        ],
    ),
    Path(
        [
            Key(
                "customer",
            ),
        ],
    ),
]
