---
source: apollo-router/src/plugins/authorization/scopes.rs
expression: doc
---
query {
  topProducts {
    type
  }
  itf {
    id
    ... on User {
      id2: id
      name
    }
  }
}

