---
source: apollo-router/src/plugins/authorization/tests.rs
expression: response
---
{
  "errors": [
    {
      "message": "Unauthorized field or type",
      "path": [
        "orga",
        "id"
      ],
      "extensions": {
        "code": "UNAUTHORIZED_FIELD_OR_TYPE"
      }
    },
    {
      "message": "Unauthorized field or type",
      "path": [
        "orga",
        "creatorUser",
        "phone"
      ],
      "extensions": {
        "code": "UNAUTHORIZED_FIELD_OR_TYPE"
      }
    }
  ],
  "data": {
    "orga": {
      "id": null,
      "creatorUser": {
        "id": 0,
        "name": "Ada",
        "phone": null
      }
    }
  }
}
