---
source: apollo-router/src/plugins/authorization/authenticated.rs
expression: paths
---
[
    Path(
        [
            Key(
                "topProducts",
            ),
            Key(
                "publicReviews",
            ),
            Flatten,
            Key(
                "author",
            ),
        ],
    ),
]
