---
source: apollo-router/src/plugins/authorization/scopes.rs
expression: doc
---
{
    "read:user",
    "read:username",
    "review",
}
