---
source: apollo-router/src/plugins/authorization/tests.rs
expression: response
---
{
  "errors": [
    {
      "message": "Unauthorized field or type",
      "path": [
        "orga",
        "creatorUser"
      ],
      "extensions": {
        "code": "UNAUTHORIZED_FIELD_OR_TYPE"
      }
    }
  ],
  "data": {
    "orga": {
      "id": 1,
      "creatorUser": null
    }
  }
}
