---
source: apollo-router/src/plugins/authorization/scopes.rs
expression: doc
---
query {
  topProducts {
    type
    internal
  }
  me {
    id
  }
}

