---
source: apollo-router/src/plugins/authorization/scopes.rs
expression: paths
---
[
    Path(
        [
            Key(
                "itf",
            ),
            Fragment(
                "User",
            ),
            Key(
                "name",
            ),
        ],
    ),
]
