---
source: apollo-router/src/services/supergraph/tests.rs
expression: stream.next_response().await.unwrap()
---
{
  "errors": [
    {
      "message": "Could not fetch bar",
      "path": [
        "foo",
        "bar"
      ],
      "extensions": {
        "code": "NOT_FOUND"
      }
    }
  ],
  "data": {
    "foo": {
      "id": 1,
      "bar": {
        "id": 2,
        "something": null
      }
    }
  }
}
