---
source: apollo-router/src/services/supergraph/tests.rs
expression: stream.next_response().await.unwrap()
---
{
  "errors": [
    {
      "message": "cannot fetch the name",
      "extensions": {
        "code": "INVALID"
      }
    }
  ],
  "data": {
    "userWasCreated": null
  }
}
