---
source: apollo-router/src/services/supergraph/tests.rs
expression: res
---
{
  "errors": [
    {
      "message": "can't open new subscription, limit reached",
      "extensions": {
        "code": "SUBSCRIPTION_MAX_LIMIT"
      }
    }
  ],
  "data": null
}
