---
source: apollo-router/src/services/supergraph/tests.rs
expression: "tokio::time::timeout(Duration::from_secs(1),\n                stream.next_response()).await.unwrap().unwrap()"
---
{
  "errors": [
    {
      "message": "subscription has been closed due to a schema reload",
      "extensions": {
        "code": "SUBSCRIPTION_SCHEMA_RELOAD"
      }
    }
  ],
  "data": null
}
