---
source: apollo-router/src/services/supergraph/tests.rs
expression: stream.next_response().await.unwrap()
---
{
  "errors": [
    {
      "message": "invalid type for variable: 'userId'",
      "extensions": {
        "name": "userId",
        "code": "GRAPHQL_VALIDATION_FAILED"
      }
    }
  ]
}
