---
source: apollo-router/src/services/supergraph/tests.rs
expression: response
---
{
  "errors": [
    {
      "message": "invalid type for variable: 'input'",
      "extensions": {
        "name": "input",
        "code": "GRAPHQL_VALIDATION_FAILED"
      }
    }
  ]
}
