---
source: apollo-router/src/plugins/telemetry/mod.rs
expression: prom_metrics
---
apollo_router_http_request_duration_seconds_bucket{error="400 Bad Request",service_name="apollo-router",status="400",le="+Inf"} 1
apollo_router_http_request_duration_seconds_bucket{error="400 Bad Request",service_name="apollo-router",status="400",le="10"} 1
apollo_router_http_request_duration_seconds_bucket{error="400 Bad Request",service_name="apollo-router",status="400",le="20"} 1
apollo_router_http_request_duration_seconds_bucket{error="400 Bad Request",service_name="apollo-router",status="400",le="5"} 1
apollo_router_http_request_duration_seconds_bucket{error="INTERNAL_SERVER_ERROR",my_key="my_custom_attribute_from_context",query_from_request="query { test }",service_name="apollo-router",status="200",subgraph="my_subgraph_name",unknown_data="default_value",le="+Inf"} 1
apollo_router_http_request_duration_seconds_bucket{error="INTERNAL_SERVER_ERROR",my_key="my_custom_attribute_from_context",query_from_request="query { test }",service_name="apollo-router",status="200",subgraph="my_subgraph_name",unknown_data="default_value",le="10"} 1
apollo_router_http_request_duration_seconds_bucket{error="INTERNAL_SERVER_ERROR",my_key="my_custom_attribute_from_context",query_from_request="query { test }",service_name="apollo-router",status="200",subgraph="my_subgraph_name",unknown_data="default_value",le="20"} 1
apollo_router_http_request_duration_seconds_bucket{error="INTERNAL_SERVER_ERROR",my_key="my_custom_attribute_from_context",query_from_request="query { test }",service_name="apollo-router",status="200",subgraph="my_subgraph_name",unknown_data="default_value",le="5"} 1
apollo_router_http_request_duration_seconds_bucket{message="cannot contact the subgraph",service_name="apollo-router",status="500",subgraph="my_subgraph_name_error",subgraph_error_extended_code="SUBREQUEST_HTTP_ERROR",le="+Inf"} 1
apollo_router_http_request_duration_seconds_bucket{message="cannot contact the subgraph",service_name="apollo-router",status="500",subgraph="my_subgraph_name_error",subgraph_error_extended_code="SUBREQUEST_HTTP_ERROR",le="10"} 1
apollo_router_http_request_duration_seconds_bucket{message="cannot contact the subgraph",service_name="apollo-router",status="500",subgraph="my_subgraph_name_error",subgraph_error_extended_code="SUBREQUEST_HTTP_ERROR",le="20"} 1
apollo_router_http_request_duration_seconds_bucket{message="cannot contact the subgraph",service_name="apollo-router",status="500",subgraph="my_subgraph_name_error",subgraph_error_extended_code="SUBREQUEST_HTTP_ERROR",le="5"} 1
apollo_router_http_request_duration_seconds_bucket{service_name="apollo-router",status="200",le="+Inf"} 1
apollo_router_http_request_duration_seconds_bucket{service_name="apollo-router",status="200",le="10"} 1
apollo_router_http_request_duration_seconds_bucket{service_name="apollo-router",status="200",le="20"} 1
apollo_router_http_request_duration_seconds_bucket{service_name="apollo-router",status="200",le="5"} 1
