---
source: apollo-router/src/plugins/telemetry/mod.rs
expression: prom_metrics
---
apollo_router_http_request_duration_seconds_count{error="INTERNAL_SERVER_ERROR",my_key="my_custom_attribute_from_context",query_from_request="query { test }",service_name="apollo-router",status="200",subgraph="my_subgraph_name",unknown_data="default_value"} 1
apollo_router_http_request_duration_seconds_count{message="cannot contact the subgraph",service_name="apollo-router",status="500",subgraph="my_subgraph_name_error",subgraph_error_extended_code="SUBREQUEST_HTTP_ERROR"} 1
