---
source: apollo-router/src/query_planner/tests.rs
expression: "serde_json::to_value(&response).unwrap()"
---
{
  "data": null,
  "extensions": {
    "valueCompletion": [
      {
        "message": "Cannot return null for non-nullable field Test.id",
        "path": [
          "test"
        ]
      },
      {
        "message": "Cannot return null for non-nullable field Test!.test",
        "path": [
          "test"
        ]
      }
    ]
  }
}
